// Jest Snapshot v1, https://goo.gl/fbAQLP

exports[`<TaskList /> should display the tasks 1`] = `
<div
  className="column is-one-third"
>
  <table
    className="table"
  >
    <thead>
      <tr>
        <th>
          Started at
        </th>
        <th>
          Shared
        </th>
        <th
          style={
            Object {
              "textAlign": "center",
            }
          }
        >
          Status
        </th>
      </tr>
    </thead>
    <tbody>
      <tr>
        <td>
          09-04-2010 11:10:00
        </td>
        <td />
        <td
          style={
            Object {
              "textAlign": "center",
            }
          }
        >
          <span
            className="icon"
          >
            <i
              className="pi-pomodoro-done"
            />
          </span>
        </td>
      </tr>
      <tr>
        <td>
          11-04-2010 10:20:00
        </td>
        <td />
        <td
          style={
            Object {
              "textAlign": "center",
            }
          }
        >
          <span />
        </td>
      </tr>
    </tbody>
  </table>
</div>
`;
